Config file config.yaml is extended by additional config specified via the command line.
Assuming unrestricted shared filesystem usage.
host: Nitric
Building DAG of jobs...
Provided cores: 1 (use --cores to define parallelism)
Rules claiming more threads will be scaled down.
Job stats:
job         count
--------  -------
taxonomy        1
audio           1
kafka           1
report          1
all             1
total           5

Select jobs to execute...
Execute 1 jobs...
[Sat May 23 06:29:09 2026]
localrule taxonomy:
    output: output/.done_taxonomy
    jobid: 3
    reason: Forced execution
    resources: tmpdir=C:\Users\filip\AppData\Local\Temp
Touching output file output/.done_taxonomy.
[Sat May 23 06:29:11 2026]
Finished jobid: 3 (Rule: taxonomy)
1 of 5 steps (20%) done
Select jobs to execute...
Execute 1 jobs...
[Sat May 23 06:29:11 2026]
localrule audio:
    input: output/.done_taxonomy
    output: output/.done_audio
    jobid: 2
    reason: Forced execution
    resources: tmpdir=C:\Users\filip\AppData\Local\Temp
Select jobs to execute...
Touching output file output/.done_audio.
[Sat May 23 06:29:13 2026]
Finished jobid: 2 (Rule: audio)
2 of 5 steps (40%) done
Execute 1 jobs...
[Sat May 23 06:29:13 2026]
localrule kafka:
    input: output/.done_taxonomy
    output: output/.done_kafka
    jobid: 4
    reason: Forced execution
    resources: tmpdir=C:\Users\filip\AppData\Local\Temp
Touching output file output/.done_kafka.
[Sat May 23 06:29:13 2026]
Finished jobid: 4 (Rule: kafka)
3 of 5 steps (60%) done
Select jobs to execute...
Execute 1 jobs...
[Sat May 23 06:29:13 2026]
localrule report:
    input: output/.done_audio, output/.done_kafka
    output: output/bird_report.csv
    jobid: 1
    reason: Forced execution
    resources: tmpdir=C:\Users\filip\AppData\Local\Temp
[Sat May 23 06:29:14 2026]
Finished jobid: 1 (Rule: report)
4 of 5 steps (80%) done
Select jobs to execute...
Execute 1 jobs...
[Sat May 23 06:29:14 2026]
localrule all:
    input: output/bird_report.csv
    jobid: 0
    reason: Forced execution
    resources: tmpdir=C:\Users\filip\AppData\Local\Temp
[Sat May 23 06:29:14 2026]
Finished jobid: 0 (Rule: all)
5 of 5 steps (100%) done
Complete log(s): C:\Users\filip\Desktop\PPPK_Project\BirdPipeline\.snakemake\log\2026-05-23T062909.795988.snakemake.log
